download done: 441 fichiers
269 https://dev.skiclubvence.com/wp-content/uploads/2026/09/20250401_184938-scaled-1.jpg
270 https://dev.skiclubvence.com/wp-content/uploads/2026/09/20250401_185118-scaled-1.jpg
272 https://dev.skiclubvence.com/wp-content/uploads/2026/09/20250401_185603-scaled-1.jpg
273 https://dev.skiclubvence.com/wp-content/uploads/2026/09/20250401_190040-1-scaled-1.jpg
274 https://dev.skiclubvence.com/wp-content/uploads/2026/09/20250401_190102-scaled-1.jpg
275 https://dev.skiclubvence.com/wp-content/uploads/2026/09/20250401_190153-scaled-1.jpg
276 https://dev.skiclubvence.com/wp-content/uploads/2026/09/20250401_190521-scaled-1.jpg
277 https://dev.skiclubvence.com/wp-content/uploads/2026/09/20250401_194020-scaled-1.jpg
278 https://dev.skiclubvence.com/wp-content/uploads/2026/09/20250401_194057-scaled-1.jpg
279 https://dev.skiclubvence.com/wp-content/uploads/2026/09/20250401_194211-scaled-1.jpg
280 https://dev.skiclubvence.com/wp-content/uploads/2026/09/20250401_194240-scaled-1.jpg
281 https://dev.skiclubvence.com/wp-content/uploads/2026/09/20250401_194333-scaled-1.jpg
282 https://dev.skiclubvence.com/wp-content/uploads/2026/09/20250401_194430-1-scaled-1.jpg
283 https://dev.skiclubvence.com/wp-content/uploads/2026/09/20250401_195344-scaled-1.jpg
284 https://dev.skiclubvence.com/wp-content/uploads/2026/09/20250401_195831-scaled-1.jpg
285 https://dev.skiclubvence.com/wp-content/uploads/2026/09/20250401_200115-scaled-1.jpg
286 https://dev.skiclubvence.com/wp-content/uploads/2026/09/20250401_200400-scaled-1.jpg
287 https://dev.skiclubvence.com/wp-content/uploads/2026/09/20250401_200550-scaled-1.jpg
288 https://dev.skiclubvence.com/wp-content/uploads/2026/09/20250401_200606-scaled-1.jpg
289 https://dev.skiclubvence.com/wp-content/uploads/2026/09/20250401_202146-scaled-1.jpg
290 https://dev.skiclubvence.com/wp-content/uploads/2026/09/IMG-20250401-WA0015.jpg
291 https://dev.skiclubvence.com/wp-content/uploads/2026/09/IMG-20250330-WA0033.jpg
292 https://dev.skiclubvence.com/wp-content/uploads/2026/09/IMG-20250330-WA0032.jpg
293 https://dev.skiclubvence.com/wp-content/uploads/2026/09/IMG-20250330-WA0029.jpg
294 https://dev.skiclubvence.com/wp-content/uploads/2026/09/IMG-20250330-WA0028.jpg
295 https://dev.skiclubvence.com/wp-content/uploads/2026/09/IMG-20250330-WA0027.jpg
296 https://dev.skiclubvence.com/wp-content/uploads/2026/09/IMG-20250330-WA0026.jpg
297 https://dev.skiclubvence.com/wp-content/uploads/2026/09/IMG-20250330-WA0025.jpg
298 https://dev.skiclubvence.com/wp-content/uploads/2026/09/IMG-20250330-WA0024.jpg
299 https://dev.skiclubvence.com/wp-content/uploads/2026/09/IMG-20250330-WA0023.jpg
300 https://dev.skiclubvence.com/wp-content/uploads/2026/09/IMG-20250330-WA0021.jpg
301 https://dev.skiclubvence.com/wp-content/uploads/2026/09/IMG-20250330-WA0022.jpg
302 https://dev.skiclubvence.com/wp-content/uploads/2026/09/IMG-20250330-WA0020.jpg
303 https://dev.skiclubvence.com/wp-content/uploads/2026/09/IMG-20250330-WA0018.jpg
304 https://dev.skiclubvence.com/wp-content/uploads/2026/09/IMG-20250330-WA0017.jpg
305 https://dev.skiclubvence.com/wp-content/uploads/2026/09/IMG-20250330-WA0016.jpg
306 https://dev.skiclubvence.com/wp-content/uploads/2026/09/IMG-20250330-WA0014.jpg
307 https://dev.skiclubvence.com/wp-content/uploads/2026/09/IMG-20250329-WA0032.jpg
308 https://dev.skiclubvence.com/wp-content/uploads/2026/09/IMG-20250329-WA0030.jpg
309 https://dev.skiclubvence.com/wp-content/uploads/2026/09/IMG-20250329-WA0028.jpg
310 https://dev.skiclubvence.com/wp-content/uploads/2026/09/IMG-20250329-WA0027.jpg
311 https://dev.skiclubvence.com/wp-content/uploads/2026/09/IMG-20250329-WA0025.jpg
312 https://dev.skiclubvence.com/wp-content/uploads/2026/09/IMG-20250329-WA0024.jpg
313 https://dev.skiclubvence.com/wp-content/uploads/2026/09/IMG-20250329-WA0023.jpg
314 https://dev.skiclubvence.com/wp-content/uploads/2026/09/IMG-20250329-WA0016.jpg
315 https://dev.skiclubvence.com/wp-content/uploads/2026/09/20250329_105226-scaled-1.jpg
316 https://dev.skiclubvence.com/wp-content/uploads/2026/09/IMG-20250329-WA0001.jpg
317 https://dev.skiclubvence.com/wp-content/uploads/2026/09/IMG-20250329-WA0003.jpg
318 https://dev.skiclubvence.com/wp-content/uploads/2026/09/IMG-20250329-WA0012.jpg
319 https://dev.skiclubvence.com/wp-content/uploads/2026/09/IMG-20250329-WA0013.jpg
320 https://dev.skiclubvence.com/wp-content/uploads/2026/09/IMG-20250329-WA0015.jpg
321 https://dev.skiclubvence.com/wp-content/uploads/2026/09/20250329_094521-scaled-1.jpg
322 https://dev.skiclubvence.com/wp-content/uploads/2026/09/IMG-20250323-WA0005.jpg
323 https://dev.skiclubvence.com/wp-content/uploads/2026/09/IMG-20250323-WA0004.jpg
324 https://dev.skiclubvence.com/wp-content/uploads/2026/09/IMG-20250323-WA0003.jpg
325 https://dev.skiclubvence.com/wp-content/uploads/2026/09/IMG-20250323-WA0001.jpg
326 https://dev.skiclubvence.com/wp-content/uploads/2026/09/IMG-20250323-WA0000.jpg
327 https://dev.skiclubvence.com/wp-content/uploads/2026/09/IMG-20250322-WA0030.jpg
328 https://dev.skiclubvence.com/wp-content/uploads/2026/09/IMG-20250322-WA0031.jpg
329 https://dev.skiclubvence.com/wp-content/uploads/2026/09/IMG-20250322-WA0032.jpg
330 https://dev.skiclubvence.com/wp-content/uploads/2026/09/IMG-20250322-WA0033.jpg
331 https://dev.skiclubvence.com/wp-content/uploads/2026/09/IMG-20250322-WA0034.jpg
332 https://dev.skiclubvence.com/wp-content/uploads/2026/09/IMG-20250322-WA0035.jpg
333 https://dev.skiclubvence.com/wp-content/uploads/2026/09/IMG-20250322-WA0024.jpg
334 https://dev.skiclubvence.com/wp-content/uploads/2026/09/IMG-20250322-WA0023.jpg
335 https://dev.skiclubvence.com/wp-content/uploads/2026/09/IMG-20250322-WA0012.jpg
336 https://dev.skiclubvence.com/wp-content/uploads/2026/09/20250322_154823-scaled-1.jpg
337 https://dev.skiclubvence.com/wp-content/uploads/2026/09/20250322_135039-scaled-1.jpg
338 https://dev.skiclubvence.com/wp-content/uploads/2026/09/20250322_123637-scaled-1.jpg
339 https://dev.skiclubvence.com/wp-content/uploads/2026/09/IMG-20250315-WA0017.jpg
340 https://dev.skiclubvence.com/wp-content/uploads/2026/09/IMG-20250315-WA0020.jpg
341 https://dev.skiclubvence.com/wp-content/uploads/2026/09/20250322_101247-scaled-1.jpg
342 https://dev.skiclubvence.com/wp-content/uploads/2026/09/20250322_102310.jpg
343 https://dev.skiclubvence.com/wp-content/uploads/2026/09/20250322_104246-scaled-1.jpg
344 https://dev.skiclubvence.com/wp-content/uploads/2026/09/20250322_104253-scaled-1.jpg
345 https://dev.skiclubvence.com/wp-content/uploads/2026/09/IMG-20250315-WA0015.jpg
346 https://dev.skiclubvence.com/wp-content/uploads/2026/09/IMG-20250315-WA0013.jpg
347 https://dev.skiclubvence.com/wp-content/uploads/2026/09/20250111_113813-scaled-1.jpg
348 https://dev.skiclubvence.com/wp-content/uploads/2026/09/20250111_130230-scaled-1.jpg
349 https://dev.skiclubvence.com/wp-content/uploads/2026/09/20250111_130242-scaled-1.jpg
350 https://dev.skiclubvence.com/wp-content/uploads/2026/09/20250111_130251-scaled-1.jpg
351 https://dev.skiclubvence.com/wp-content/uploads/2026/09/20250111_130302-scaled-1.jpg
352 https://dev.skiclubvence.com/wp-content/uploads/2026/09/20250111_130312-scaled-1.jpg
353 https://dev.skiclubvence.com/wp-content/uploads/2026/09/20250111_130323-scaled-1.jpg
354 https://dev.skiclubvence.com/wp-content/uploads/2026/09/20250111_130402-1-scaled-1.jpg
355 https://dev.skiclubvence.com/wp-content/uploads/2026/09/20250118_095926-scaled-1.jpg
356 https://dev.skiclubvence.com/wp-content/uploads/2026/09/20250118_095950-1-scaled-1.jpg
357 https://dev.skiclubvence.com/wp-content/uploads/2026/09/20250118_122111-scaled-1.jpg
358 https://dev.skiclubvence.com/wp-content/uploads/2026/09/20250118_122122-scaled-1.jpg
359 https://dev.skiclubvence.com/wp-content/uploads/2026/09/20250118_122137-scaled-1.jpg
360 https://dev.skiclubvence.com/wp-content/uploads/2026/09/20250118_122140-scaled-1.jpg
361 https://dev.skiclubvence.com/wp-content/uploads/2026/09/20250125_103843-scaled-1.jpg
362 https://dev.skiclubvence.com/wp-content/uploads/2026/09/20250125_113402-scaled-1.jpg
363 https://dev.skiclubvence.com/wp-content/uploads/2026/09/20250125_113521-scaled-1.jpg
364 https://dev.skiclubvence.com/wp-content/uploads/2026/09/20250125_113526-scaled-1.jpg
365 https://dev.skiclubvence.com/wp-content/uploads/2026/09/20250125_113634-scaled-1.jpg
366 https://dev.skiclubvence.com/wp-content/uploads/2026/09/20250125_124207-scaled-1.jpg
367 https://dev.skiclubvence.com/wp-content/uploads/2026/09/20250125_124225-scaled-1.jpg
368 https://dev.skiclubvence.com/wp-content/uploads/2026/09/20250125_124244-scaled-1.jpg
369 https://dev.skiclubvence.com/wp-content/uploads/2026/09/20250125_124306-scaled-1.jpg
370 https://dev.skiclubvence.com/wp-content/uploads/2026/09/20250125_124322-scaled-1.jpg
371 https://dev.skiclubvence.com/wp-content/uploads/2026/09/20250125_124343-scaled-1.jpg
372 https://dev.skiclubvence.com/wp-content/uploads/2026/09/20250201_102827-scaled-1.jpg
373 https://dev.skiclubvence.com/wp-content/uploads/2026/09/20250201_103434-scaled-1.jpg
374 https://dev.skiclubvence.com/wp-content/uploads/2026/09/20250201_103437-scaled-1.jpg
375 https://dev.skiclubvence.com/wp-content/uploads/2026/09/20250201_103900-scaled-1.jpg
376 https://dev.skiclubvence.com/wp-content/uploads/2026/09/20250201_105404-scaled-1.jpg
377 https://dev.skiclubvence.com/wp-content/uploads/2026/09/20250201_110225-scaled-1.jpg
378 https://dev.skiclubvence.com/wp-content/uploads/2026/09/20250201_110242-scaled-1.jpg
379 https://dev.skiclubvence.com/wp-content/uploads/2026/09/20250201_112751-scaled-1.jpg
380 https://dev.skiclubvence.com/wp-content/uploads/2026/09/20250201_112756-scaled-1.jpg
381 https://dev.skiclubvence.com/wp-content/uploads/2026/09/20250201_113317-scaled-1.jpg
382 https://dev.skiclubvence.com/wp-content/uploads/2026/09/20250201_114315-scaled-1.jpg
383 https://dev.skiclubvence.com/wp-content/uploads/2026/09/20250201_122355-scaled-1.jpg
384 https://dev.skiclubvence.com/wp-content/uploads/2026/09/20250201_132216-scaled-1.jpg
385 https://dev.skiclubvence.com/wp-content/uploads/2026/09/20250201_143306-scaled-1.jpg
386 https://dev.skiclubvence.com/wp-content/uploads/2026/09/20250201_143355-scaled-1.jpg
387 https://dev.skiclubvence.com/wp-content/uploads/2026/09/20250201_144442-scaled-1.jpg
388 https://dev.skiclubvence.com/wp-content/uploads/2026/09/IMG-20250111-WA0002.jpg
389 https://dev.skiclubvence.com/wp-content/uploads/2026/09/IMG-20250111-WA0003.jpg
390 https://dev.skiclubvence.com/wp-content/uploads/2026/09/IMG-20250111-WA0004.jpg
391 https://dev.skiclubvence.com/wp-content/uploads/2026/09/IMG-20250111-WA0005.jpg
392 https://dev.skiclubvence.com/wp-content/uploads/2026/09/IMG-20250111-WA0006.jpg
393 https://dev.skiclubvence.com/wp-content/uploads/2026/09/IMG-20250111-WA0007.jpg
394 https://dev.skiclubvence.com/wp-content/uploads/2026/09/IMG-20250111-WA0010.jpg
395 https://dev.skiclubvence.com/wp-content/uploads/2026/09/IMG-20250111-WA0012.jpg
396 https://dev.skiclubvence.com/wp-content/uploads/2026/09/IMG-20250111-WA0015.jpg
397 https://dev.skiclubvence.com/wp-content/uploads/2026/09/IMG-20250118-WA0010.jpg
398 https://dev.skiclubvence.com/wp-content/uploads/2026/09/IMG-20250118-WA0013.jpg
399 https://dev.skiclubvence.com/wp-content/uploads/2026/09/IMG-20250118-WA0014.jpg
400 https://dev.skiclubvence.com/wp-content/uploads/2026/09/IMG-20250118-WA0032.jpg
401 https://dev.skiclubvence.com/wp-content/uploads/2026/09/IMG-20250118-WA0035.jpg
402 https://dev.skiclubvence.com/wp-content/uploads/2026/09/IMG-20250118-WA0036.jpg
403 https://dev.skiclubvence.com/wp-content/uploads/2026/09/IMG-20250118-WA0037.jpg
404 https://dev.skiclubvence.com/wp-content/uploads/2026/09/IMG-20250118-WA0042.jpg
405 https://dev.skiclubvence.com/wp-content/uploads/2026/09/IMG-20250125-WA0001.jpg
406 https://dev.skiclubvence.com/wp-content/uploads/2026/09/IMG-20250125-WA0002.jpg
407 https://dev.skiclubvence.com/wp-content/uploads/2026/09/IMG-20250125-WA0003.jpg
408 https://dev.skiclubvence.com/wp-content/uploads/2026/09/IMG-20250125-WA0009.jpg
409 https://dev.skiclubvence.com/wp-content/uploads/2026/09/IMG-20250125-WA0010.jpg
410 https://dev.skiclubvence.com/wp-content/uploads/2026/09/IMG-20250125-WA0011.jpg
411 https://dev.skiclubvence.com/wp-content/uploads/2026/09/IMG-20250125-WA0012.jpg
412 https://dev.skiclubvence.com/wp-content/uploads/2026/09/IMG-20250125-WA0013.jpg
413 https://dev.skiclubvence.com/wp-content/uploads/2026/09/IMG-20250125-WA0015.jpg
414 https://dev.skiclubvence.com/wp-content/uploads/2026/09/IMG-20250125-WA0016.jpg
415 https://dev.skiclubvence.com/wp-content/uploads/2026/09/IMG-20250125-WA0017.jpg
416 https://dev.skiclubvence.com/wp-content/uploads/2026/09/IMG-20250125-WA0019.jpg
417 https://dev.skiclubvence.com/wp-content/uploads/2026/09/IMG-20250125-WA0020.jpg
418 https://dev.skiclubvence.com/wp-content/uploads/2026/09/IMG-20250125-WA0021.jpg
419 https://dev.skiclubvence.com/wp-content/uploads/2026/09/IMG-20250125-WA0022.jpg
420 https://dev.skiclubvence.com/wp-content/uploads/2026/09/IMG-20250125-WA0023.jpg
421 https://dev.skiclubvence.com/wp-content/uploads/2026/09/IMG-20250125-WA0025.jpg
422 https://dev.skiclubvence.com/wp-content/uploads/2026/09/IMG-20250125-WA0026.jpg
423 https://dev.skiclubvence.com/wp-content/uploads/2026/09/IMG-20250125-WA0027.jpg
424 https://dev.skiclubvence.com/wp-content/uploads/2026/09/IMG-20250125-WA00301.jpg
425 https://dev.skiclubvence.com/wp-content/uploads/2026/09/IMG-20250125-WA00311.jpg
426 https://dev.skiclubvence.com/wp-content/uploads/2026/09/IMG-20250125-WA00321.jpg
427 https://dev.skiclubvence.com/wp-content/uploads/2026/09/IMG-20250125-WA00341.jpg
428 https://dev.skiclubvence.com/wp-content/uploads/2026/09/IMG-20250125-WA0037.jpg
429 https://dev.skiclubvence.com/wp-content/uploads/2026/09/IMG-20250125-WA0040.jpg
430 https://dev.skiclubvence.com/wp-content/uploads/2026/09/IMG-20250125-WA0043.jpg
431 https://dev.skiclubvence.com/wp-content/uploads/2026/09/IMG-20250125-WA0047.jpg
432 https://dev.skiclubvence.com/wp-content/uploads/2026/09/IMG-20250125-WA0049.jpg
433 https://dev.skiclubvence.com/wp-content/uploads/2026/09/IMG-20250125-WA0054.jpg
434 https://dev.skiclubvence.com/wp-content/uploads/2026/09/IMG-20250125-WA0061.jpg
435 https://dev.skiclubvence.com/wp-content/uploads/2026/09/IMG-20250125-WA0062.jpg
436 https://dev.skiclubvence.com/wp-content/uploads/2026/09/IMG-20250125-WA0063.jpg
437 https://dev.skiclubvence.com/wp-content/uploads/2026/09/IMG-20250125-WA0064.jpg
438 https://dev.skiclubvence.com/wp-content/uploads/2026/09/IMG-20250125-WA0065.jpg
439 https://dev.skiclubvence.com/wp-content/uploads/2026/09/IMG-20250125-WA0066.jpg
440 https://dev.skiclubvence.com/wp-content/uploads/2026/09/IMG-20250201-WA0008.jpg
441 https://dev.skiclubvence.com/wp-content/uploads/2026/09/IMG-20250201-WA0019.jpg
442 https://dev.skiclubvence.com/wp-content/uploads/2026/09/IMG-20250201-WA0020.jpg
443 https://dev.skiclubvence.com/wp-content/uploads/2026/09/IMG-20250201-WA0023.jpg
444 https://dev.skiclubvence.com/wp-content/uploads/2026/09/IMG-20250201-WA0024.jpg
445 https://dev.skiclubvence.com/wp-content/uploads/2026/09/IMG-20250201-WA0025.jpg
446 https://dev.skiclubvence.com/wp-content/uploads/2026/09/IMG-20250201-WA0026.jpg
447 https://dev.skiclubvence.com/wp-content/uploads/2026/09/IMG-20250201-WA0028.jpg
448 https://dev.skiclubvence.com/wp-content/uploads/2026/09/IMG-20250201-WA0031.jpg
449 https://dev.skiclubvence.com/wp-content/uploads/2026/09/IMG-20250201-WA0035.jpg
450 https://dev.skiclubvence.com/wp-content/uploads/2026/09/IMG-20250201-WA0036.jpg
451 https://dev.skiclubvence.com/wp-content/uploads/2026/09/IMG-20250201-WA0037.jpg
452 https://dev.skiclubvence.com/wp-content/uploads/2026/09/IMG-20250201-WA0038.jpg
453 https://dev.skiclubvence.com/wp-content/uploads/2026/09/IMG-20250201-WA0039.jpg
454 https://dev.skiclubvence.com/wp-content/uploads/2026/09/IMG-20250201-WA0041.jpg
455 https://dev.skiclubvence.com/wp-content/uploads/2026/09/IMG-20250201-WA0046.jpg
456 https://dev.skiclubvence.com/wp-content/uploads/2026/09/IMG-20250201-WA0047.jpg
457 https://dev.skiclubvence.com/wp-content/uploads/2026/09/IMG-20250201-WA0048.jpg
458 https://dev.skiclubvence.com/wp-content/uploads/2026/09/IMG-20250201-WA0049.jpg
459 https://dev.skiclubvence.com/wp-content/uploads/2026/09/sestriere-2025-1-scaled-1.jpg
460 https://dev.skiclubvence.com/wp-content/uploads/2026/09/sestriere-2025-127-scaled-1.jpg
461 https://dev.skiclubvence.com/wp-content/uploads/2026/09/sestriere-2025-126-scaled-1.jpg
462 https://dev.skiclubvence.com/wp-content/uploads/2026/09/sestriere-2025-125-scaled-1.jpg
463 https://dev.skiclubvence.com/wp-content/uploads/2026/09/sestriere-2025-122.jpg
464 https://dev.skiclubvence.com/wp-content/uploads/2026/09/sestriere-2025-121.jpg
465 https://dev.skiclubvence.com/wp-content/uploads/2026/09/sestriere-2025-113.jpg
466 https://dev.skiclubvence.com/wp-content/uploads/2026/09/sestriere-2025-114.jpg
467 https://dev.skiclubvence.com/wp-content/uploads/2026/09/sestriere-2025-115.jpg
468 https://dev.skiclubvence.com/wp-content/uploads/2026/09/sestriere-2025-116.jpg
469 https://dev.skiclubvence.com/wp-content/uploads/2026/09/sestriere-2025-117.jpg
470 https://dev.skiclubvence.com/wp-content/uploads/2026/09/sestriere-2025-118.jpg
471 https://dev.skiclubvence.com/wp-content/uploads/2026/09/sestriere-2025-119.jpg
472 https://dev.skiclubvence.com/wp-content/uploads/2026/09/sestriere-2025-120.jpg
473 https://dev.skiclubvence.com/wp-content/uploads/2026/09/sestriere-2025-2-scaled-1.jpg
474 https://dev.skiclubvence.com/wp-content/uploads/2026/09/sestriere-2025-3-scaled-1.jpg
475 https://dev.skiclubvence.com/wp-content/uploads/2026/09/sestriere-2025-4-scaled-1.jpg
476 https://dev.skiclubvence.com/wp-content/uploads/2026/09/sestriere-2025-5-scaled-1.jpg
477 https://dev.skiclubvence.com/wp-content/uploads/2026/09/sestriere-2025-6-scaled-1.jpg
478 https://dev.skiclubvence.com/wp-content/uploads/2026/09/sestriere-2025-7-scaled-1.jpg
479 https://dev.skiclubvence.com/wp-content/uploads/2026/09/sestriere-2025-8-scaled-1.jpg
480 https://dev.skiclubvence.com/wp-content/uploads/2026/09/sestriere-2025-9-scaled-1.jpg
481 https://dev.skiclubvence.com/wp-content/uploads/2026/09/sestriere-2025-10-scaled-1.jpg
482 https://dev.skiclubvence.com/wp-content/uploads/2026/09/sestriere-2025-11-scaled-1.jpg
483 https://dev.skiclubvence.com/wp-content/uploads/2026/09/sestriere-2025-12-scaled-1.jpg
484 https://dev.skiclubvence.com/wp-content/uploads/2026/09/sestriere-2025-13-scaled-1.jpg
485 https://dev.skiclubvence.com/wp-content/uploads/2026/09/sestriere-2025-14-scaled-1.jpg
486 https://dev.skiclubvence.com/wp-content/uploads/2026/09/sestriere-2025-15-scaled-1.jpg
487 https://dev.skiclubvence.com/wp-content/uploads/2026/09/sestriere-2025-16-scaled-1.jpg
488 https://dev.skiclubvence.com/wp-content/uploads/2026/09/sestriere-2025-17-scaled-1.jpg
489 https://dev.skiclubvence.com/wp-content/uploads/2026/09/sestriere-2025-18-scaled-1.jpg
490 https://dev.skiclubvence.com/wp-content/uploads/2026/09/sestriere-2025-19-scaled-1.jpg
491 https://dev.skiclubvence.com/wp-content/uploads/2026/09/sestriere-2025-20-scaled-1.jpg
492 https://dev.skiclubvence.com/wp-content/uploads/2026/09/sestriere-2025-21-scaled-1.jpg
493 https://dev.skiclubvence.com/wp-content/uploads/2026/09/sestriere-2025-22-scaled-1.jpg
494 https://dev.skiclubvence.com/wp-content/uploads/2026/09/sestriere-2025-23-scaled-1.jpg
495 https://dev.skiclubvence.com/wp-content/uploads/2026/09/sestriere-2025-24-scaled-1.jpg
496 https://dev.skiclubvence.com/wp-content/uploads/2026/09/sestriere-2025-25.jpg
497 https://dev.skiclubvence.com/wp-content/uploads/2026/09/sestriere-2025-26.jpg
498 https://dev.skiclubvence.com/wp-content/uploads/2026/09/sestriere-2025-27.jpg
499 https://dev.skiclubvence.com/wp-content/uploads/2026/09/sestriere-2025-28.jpg
500 https://dev.skiclubvence.com/wp-content/uploads/2026/09/sestriere-2025-29.jpg
501 https://dev.skiclubvence.com/wp-content/uploads/2026/09/sestriere-2025-30.jpg
502 https://dev.skiclubvence.com/wp-content/uploads/2026/09/sestriere-2025-31.jpg
503 https://dev.skiclubvence.com/wp-content/uploads/2026/09/sestriere-2025-32.jpg
504 https://dev.skiclubvence.com/wp-content/uploads/2026/09/sestriere-2025-33.jpg
505 https://dev.skiclubvence.com/wp-content/uploads/2026/09/sestriere-2025-34.jpg
506 https://dev.skiclubvence.com/wp-content/uploads/2026/09/sestriere-2025-35.jpg
507 https://dev.skiclubvence.com/wp-content/uploads/2026/09/sestriere-2025-36.jpg
508 https://dev.skiclubvence.com/wp-content/uploads/2026/09/sestriere-2025-37.jpg
509 https://dev.skiclubvence.com/wp-content/uploads/2026/09/sestriere-2025-38.jpg
510 https://dev.skiclubvence.com/wp-content/uploads/2026/09/sestriere-2025-39.jpg
511 https://dev.skiclubvence.com/wp-content/uploads/2026/09/sestriere-2025-40.jpg
512 https://dev.skiclubvence.com/wp-content/uploads/2026/09/sestriere-2025-41.jpg
513 https://dev.skiclubvence.com/wp-content/uploads/2026/09/sestriere-2025-42.jpg
514 https://dev.skiclubvence.com/wp-content/uploads/2026/09/sestriere-2025-43.jpg
515 https://dev.skiclubvence.com/wp-content/uploads/2026/09/sestriere-2025-44.jpg
516 https://dev.skiclubvence.com/wp-content/uploads/2026/09/sestriere-2025-45.jpg
517 https://dev.skiclubvence.com/wp-content/uploads/2026/09/sestriere-2025-46.jpg
518 https://dev.skiclubvence.com/wp-content/uploads/2026/09/sestriere-2025-47.jpg
519 https://dev.skiclubvence.com/wp-content/uploads/2026/09/sestriere-2025-48.jpg
520 https://dev.skiclubvence.com/wp-content/uploads/2026/09/sestriere-2025-49.jpg
521 https://dev.skiclubvence.com/wp-content/uploads/2026/09/sestriere-2025-50.jpg
522 https://dev.skiclubvence.com/wp-content/uploads/2026/09/sestriere-2025-51.jpg
523 https://dev.skiclubvence.com/wp-content/uploads/2026/09/sestriere-2025-52.jpg
524 https://dev.skiclubvence.com/wp-content/uploads/2026/09/sestriere-2025-53.jpg
525 https://dev.skiclubvence.com/wp-content/uploads/2026/09/sestriere-2025-54.jpg
526 https://dev.skiclubvence.com/wp-content/uploads/2026/09/sestriere-2025-55.jpg
527 https://dev.skiclubvence.com/wp-content/uploads/2026/09/sestriere-2025-56.jpg
528 https://dev.skiclubvence.com/wp-content/uploads/2026/09/sestriere-2025-57.jpg
529 https://dev.skiclubvence.com/wp-content/uploads/2026/09/sestriere-2025-58.jpg
530 https://dev.skiclubvence.com/wp-content/uploads/2026/09/sestriere-2025-59.jpg
531 https://dev.skiclubvence.com/wp-content/uploads/2026/09/sestriere-2025-60.jpg
532 https://dev.skiclubvence.com/wp-content/uploads/2026/09/sestriere-2025-61.jpg
533 https://dev.skiclubvence.com/wp-content/uploads/2026/09/sestriere-2025-62.jpg
534 https://dev.skiclubvence.com/wp-content/uploads/2026/09/sestriere-2025-63.jpg
535 https://dev.skiclubvence.com/wp-content/uploads/2026/09/sestriere-2025-64.jpg
536 https://dev.skiclubvence.com/wp-content/uploads/2026/09/sestriere-2025-65.jpg
537 https://dev.skiclubvence.com/wp-content/uploads/2026/09/sestriere-2025-66.jpg
538 https://dev.skiclubvence.com/wp-content/uploads/2026/09/sestriere-2025-67.jpg
539 https://dev.skiclubvence.com/wp-content/uploads/2026/09/sestriere-2025-68.jpg
540 https://dev.skiclubvence.com/wp-content/uploads/2026/09/sestriere-2025-69.jpg
541 https://dev.skiclubvence.com/wp-content/uploads/2026/09/sestriere-2025-70.jpg
542 https://dev.skiclubvence.com/wp-content/uploads/2026/09/sestriere-2025-71.jpg
543 https://dev.skiclubvence.com/wp-content/uploads/2026/09/sestriere-2025-72.jpg
544 https://dev.skiclubvence.com/wp-content/uploads/2026/09/sestriere-2025-73.jpg
545 https://dev.skiclubvence.com/wp-content/uploads/2026/09/sestriere-2025-74.jpg
546 https://dev.skiclubvence.com/wp-content/uploads/2026/09/sestriere-2025-75.jpg
547 https://dev.skiclubvence.com/wp-content/uploads/2026/09/sestriere-2025-76.jpg
548 https://dev.skiclubvence.com/wp-content/uploads/2026/09/sestriere-2025-77.jpg
549 https://dev.skiclubvence.com/wp-content/uploads/2026/09/sestriere-2025-78.jpg
550 https://dev.skiclubvence.com/wp-content/uploads/2026/09/sestriere-2025-80.jpg
551 https://dev.skiclubvence.com/wp-content/uploads/2026/09/sestriere-2025-81.jpg
552 https://dev.skiclubvence.com/wp-content/uploads/2026/09/sestriere-2025-82.jpg
553 https://dev.skiclubvence.com/wp-content/uploads/2026/09/sestriere-2025-83.jpg
554 https://dev.skiclubvence.com/wp-content/uploads/2026/09/sestriere-2025-84.jpg
555 https://dev.skiclubvence.com/wp-content/uploads/2026/09/sestriere-2025-85.jpg
556 https://dev.skiclubvence.com/wp-content/uploads/2026/09/sestriere-2025-86.jpg
557 https://dev.skiclubvence.com/wp-content/uploads/2026/09/sestriere-2025-87.jpg
558 https://dev.skiclubvence.com/wp-content/uploads/2026/09/sestriere-2025-88.jpg
559 https://dev.skiclubvence.com/wp-content/uploads/2026/09/sestriere-2025-89.jpg
560 https://dev.skiclubvence.com/wp-content/uploads/2026/09/sestriere-2025-90.jpg
561 https://dev.skiclubvence.com/wp-content/uploads/2026/09/sestriere-2025-91.jpg
562 https://dev.skiclubvence.com/wp-content/uploads/2026/09/sestriere-2025-92.jpg
563 https://dev.skiclubvence.com/wp-content/uploads/2026/09/sestriere-2025-93.jpg
564 https://dev.skiclubvence.com/wp-content/uploads/2026/09/sestriere-2025-94.jpg
565 https://dev.skiclubvence.com/wp-content/uploads/2026/09/sestriere-2025-95.jpg
566 https://dev.skiclubvence.com/wp-content/uploads/2026/09/sestriere-2025-96.jpg
567 https://dev.skiclubvence.com/wp-content/uploads/2026/09/sestriere-2025-97.jpg
568 https://dev.skiclubvence.com/wp-content/uploads/2026/09/sestriere-2025-98.jpg
569 https://dev.skiclubvence.com/wp-content/uploads/2026/09/sestriere-2025-99.jpg
570 https://dev.skiclubvence.com/wp-content/uploads/2026/09/sestriere-2025-100.jpg
571 https://dev.skiclubvence.com/wp-content/uploads/2026/09/sestriere-2025-101.jpg
572 https://dev.skiclubvence.com/wp-content/uploads/2026/09/sestriere-2025-102.jpg
573 https://dev.skiclubvence.com/wp-content/uploads/2026/09/sestriere-2025-103.jpg
574 https://dev.skiclubvence.com/wp-content/uploads/2026/09/sestriere-2025-104.jpg
575 https://dev.skiclubvence.com/wp-content/uploads/2026/09/sestriere-2025-105.jpg
576 https://dev.skiclubvence.com/wp-content/uploads/2026/09/sestriere-2025-106.jpg
577 https://dev.skiclubvence.com/wp-content/uploads/2026/09/sestriere-2025-107.jpg
578 https://dev.skiclubvence.com/wp-content/uploads/2026/09/sestriere-2025-108.jpg
579 https://dev.skiclubvence.com/wp-content/uploads/2026/09/sestriere-2025-109.jpg
580 https://dev.skiclubvence.com/wp-content/uploads/2026/09/sestriere-2025-110.jpg
581 https://dev.skiclubvence.com/wp-content/uploads/2026/09/sestriere-2025-111.jpg
582 https://dev.skiclubvence.com/wp-content/uploads/2026/09/sestriere-2025-112.jpg
583 https://dev.skiclubvence.com/wp-content/uploads/2026/09/president-ski-club-vence.jpg
584 https://dev.skiclubvence.com/wp-content/uploads/2026/09/NUM_2505.jpg
585 https://dev.skiclubvence.com/wp-content/uploads/2026/09/NUM_2498.jpg
586 https://dev.skiclubvence.com/wp-content/uploads/2026/09/NUM_2443.jpg
587 https://dev.skiclubvence.com/wp-content/uploads/2026/09/NUM_2556.jpg
588 https://dev.skiclubvence.com/wp-content/uploads/2026/09/NUM_2426.jpg
589 https://dev.skiclubvence.com/wp-content/uploads/2026/09/NUM_2411.jpg
590 https://dev.skiclubvence.com/wp-content/uploads/2026/09/NUM_2580-scaled-1.jpg
591 https://dev.skiclubvence.com/wp-content/uploads/2026/09/NUM_2566-1-scaled-1.jpg
592 https://dev.skiclubvence.com/wp-content/uploads/2026/09/NUM_2532.jpg
593 https://dev.skiclubvence.com/wp-content/uploads/2026/09/NUM_2607.jpg
594 https://dev.skiclubvence.com/wp-content/uploads/2026/09/20240113_101707-scaled-1.jpg
595 https://dev.skiclubvence.com/wp-content/uploads/2026/09/NUM_2479.jpg
596 https://dev.skiclubvence.com/wp-content/uploads/2026/09/snowboard-ski-club-vence.jpg
597 https://dev.skiclubvence.com/wp-content/uploads/2026/09/photo-groupe-ski-club-vence.jpg
598 https://dev.skiclubvence.com/wp-content/uploads/2026/09/remise-titres-ski-club-vence.jpg
599 https://dev.skiclubvence.com/wp-content/uploads/2026/09/remise-titres-junior-ski-club-vence.jpg
600 https://dev.skiclubvence.com/wp-content/uploads/2026/09/remise-titres-enfants-ski-club-vence.jpg
601 https://dev.skiclubvence.com/wp-content/uploads/2026/09/ski-club-vence-barbeucue-auron.jpg
602 https://dev.skiclubvence.com/wp-content/uploads/2026/09/barbecue-ski-club-vence.jpg
603 https://dev.skiclubvence.com/wp-content/uploads/2026/09/ski-club-vence-podium-snowbard.jpg
604 https://dev.skiclubvence.com/wp-content/uploads/2026/09/20230114_102242-scaled-1.jpg
605 https://dev.skiclubvence.com/wp-content/uploads/2026/09/20230114_112858-scaled-1.jpg
606 https://dev.skiclubvence.com/wp-content/uploads/2026/09/20230114_112902-scaled-1.jpg
607 https://dev.skiclubvence.com/wp-content/uploads/2026/09/20230114_113225-scaled-1.jpg
608 https://dev.skiclubvence.com/wp-content/uploads/2026/09/20230114_121530.jpg
609 https://dev.skiclubvence.com/wp-content/uploads/2026/09/20230114_130342-scaled-1.jpg
610 https://dev.skiclubvence.com/wp-content/uploads/2026/09/20240411_115026-scaled-1.jpg
611 https://dev.skiclubvence.com/wp-content/uploads/2026/09/20240402_103543-scaled-1.jpg
612 https://dev.skiclubvence.com/wp-content/uploads/2026/09/20240409_200943-scaled-1.jpg
613 https://dev.skiclubvence.com/wp-content/uploads/2026/09/20240409_195201-scaled-1.jpg
614 https://dev.skiclubvence.com/wp-content/uploads/2026/09/20240409_194934-scaled-1.jpg
615 https://dev.skiclubvence.com/wp-content/uploads/2026/09/20240409_194800-scaled-1.jpg
616 https://dev.skiclubvence.com/wp-content/uploads/2026/09/20240409_194649-scaled-1.jpg
617 https://dev.skiclubvence.com/wp-content/uploads/2026/09/20240409_194446-scaled-1.jpg
618 https://dev.skiclubvence.com/wp-content/uploads/2026/09/20240409_190220-scaled-1.jpg
619 https://dev.skiclubvence.com/wp-content/uploads/2026/09/20240409_193353-scaled-1.jpg
620 https://dev.skiclubvence.com/wp-content/uploads/2026/09/20240409_193534-scaled-1.jpg
621 https://dev.skiclubvence.com/wp-content/uploads/2026/09/20240409_193856-scaled-1.jpg
622 https://dev.skiclubvence.com/wp-content/uploads/2026/09/20240409_194011-scaled-1.jpg
623 https://dev.skiclubvence.com/wp-content/uploads/2026/09/20240409_194117-scaled-1.jpg
624 https://dev.skiclubvence.com/wp-content/uploads/2026/09/20240409_194232-scaled-1.jpg
625 https://dev.skiclubvence.com/wp-content/uploads/2026/09/20240409_194422-scaled-1.jpg
626 https://dev.skiclubvence.com/wp-content/uploads/2026/09/20240409_194424-scaled-1.jpg
627 https://dev.skiclubvence.com/wp-content/uploads/2026/09/20240406_125332-scaled-1.jpg
628 https://dev.skiclubvence.com/wp-content/uploads/2026/09/20240406_125352-scaled-1.jpg
629 https://dev.skiclubvence.com/wp-content/uploads/2026/09/20240406_125406-scaled-1.jpg
630 https://dev.skiclubvence.com/wp-content/uploads/2026/09/20240409_185958-scaled-1.jpg
631 https://dev.skiclubvence.com/wp-content/uploads/2026/09/20240409_190025-scaled-1.jpg
632 https://dev.skiclubvence.com/wp-content/uploads/2026/09/20240409_190147-scaled-1.jpg
633 https://dev.skiclubvence.com/wp-content/uploads/2026/09/20240406_125312-scaled-1.jpg
634 https://dev.skiclubvence.com/wp-content/uploads/2026/09/20240402_121357-scaled-1.jpg
635 https://dev.skiclubvence.com/wp-content/uploads/2026/09/20240402_115955-scaled-1.jpg
636 https://dev.skiclubvence.com/wp-content/uploads/2026/09/20240330_153514-scaled-1.jpg
637 https://dev.skiclubvence.com/wp-content/uploads/2026/09/20240330_121556-scaled-1.jpg
638 https://dev.skiclubvence.com/wp-content/uploads/2026/09/20240330_121542-scaled-1.jpg
639 https://dev.skiclubvence.com/wp-content/uploads/2026/09/20240330_121519-scaled-1.jpg
640 https://dev.skiclubvence.com/wp-content/uploads/2026/09/20240330_102456-scaled-1.jpg
641 https://dev.skiclubvence.com/wp-content/uploads/2026/09/20240330_102438-scaled-1.jpg
642 https://dev.skiclubvence.com/wp-content/uploads/2026/09/20240330_100928-scaled-1.jpg
643 https://dev.skiclubvence.com/wp-content/uploads/2026/09/20240330_100922-scaled-1.jpg
644 https://dev.skiclubvence.com/wp-content/uploads/2026/09/20240323_140746-scaled-1.jpg
645 https://dev.skiclubvence.com/wp-content/uploads/2026/09/20240323_130234-scaled-1.jpg
646 https://dev.skiclubvence.com/wp-content/uploads/2026/09/20240323_130148-scaled-1.jpg
647 https://dev.skiclubvence.com/wp-content/uploads/2026/09/20240323_130126-scaled-1.jpg
648 https://dev.skiclubvence.com/wp-content/uploads/2026/09/20240319_151252-scaled-1.jpg
649 https://dev.skiclubvence.com/wp-content/uploads/2026/09/20240319_151403-scaled-1.jpg
650 https://dev.skiclubvence.com/wp-content/uploads/2026/09/20240323_124241-scaled-1.jpg
651 https://dev.skiclubvence.com/wp-content/uploads/2026/09/20240323_124511-scaled-1.jpg
652 https://dev.skiclubvence.com/wp-content/uploads/2026/09/20240323_124538-scaled-1.jpg
653 https://dev.skiclubvence.com/wp-content/uploads/2026/09/20240323_124557-scaled-1.jpg
654 https://dev.skiclubvence.com/wp-content/uploads/2026/09/20240323_130054-scaled-1.jpg
655 https://dev.skiclubvence.com/wp-content/uploads/2026/09/20240203_160008-scaled-1.jpg
656 https://dev.skiclubvence.com/wp-content/uploads/2026/09/20240203_114116-scaled-1.jpg
657 https://dev.skiclubvence.com/wp-content/uploads/2026/09/20240203_113954-scaled-1.jpg
658 https://dev.skiclubvence.com/wp-content/uploads/2026/09/20240130_121146-scaled-1.jpg
659 https://dev.skiclubvence.com/wp-content/uploads/2026/09/20240130_120952-scaled-1.jpg
660 https://dev.skiclubvence.com/wp-content/uploads/2026/09/20240130_120932-scaled-1.jpg
661 https://dev.skiclubvence.com/wp-content/uploads/2026/09/20240120_153903-scaled-1.jpg
662 https://dev.skiclubvence.com/wp-content/uploads/2026/09/20240120_153856-scaled-1.jpg
663 https://dev.skiclubvence.com/wp-content/uploads/2026/09/20240113_110654-scaled-1.jpg
664 https://dev.skiclubvence.com/wp-content/uploads/2026/09/20240113_110711-scaled-1.jpg
665 https://dev.skiclubvence.com/wp-content/uploads/2026/09/20240120_103805-scaled-1.jpg
666 https://dev.skiclubvence.com/wp-content/uploads/2026/09/20240120_113449.jpg
667 https://dev.skiclubvence.com/wp-content/uploads/2026/09/20240120_113532-scaled-1.jpg
668 https://dev.skiclubvence.com/wp-content/uploads/2026/09/20240120_122032-scaled-1.jpg
669 https://dev.skiclubvence.com/wp-content/uploads/2026/09/20240120_153538-scaled-1.jpg
670 https://dev.skiclubvence.com/wp-content/uploads/2026/09/20240120_153625-scaled-1.jpg
671 https://dev.skiclubvence.com/wp-content/uploads/2026/09/sestriere-2025-1.mp4
672 https://dev.skiclubvence.com/wp-content/uploads/2026/09/sestriere-2025-2.mp4
673 https://dev.skiclubvence.com/wp-content/uploads/2026/09/sestriere-2025-3.mp4
674 https://dev.skiclubvence.com/wp-content/uploads/2026/09/sestriere-2025-4.mp4
675 https://dev.skiclubvence.com/wp-content/uploads/2026/09/sestriere-2025-5.mp4
676 https://dev.skiclubvence.com/wp-content/uploads/2026/09/sestriere-2025-6.mp4
493 médias mappés
